;  LST file generated by mikroListExporter - v.2.0 
; Date/Time: 23/05/2026 19:34:01
;----------------------------------------------

;Address Opcode 	ASM
0x0000	0xF000EF56  	GOTO        172
_interrupt:
;boletin6ej2.c,4 :: 		void interrupt(){
0x0008	0xF017C000  	MOVFF       R0, 23
0x000C	0xF016C001  	MOVFF       R1, 22
0x0010	0xF015C002  	MOVFF       R2, 21
;boletin6ej2.c,5 :: 		if(INTCON.TMR0IF){
0x0014	0xA4F2      	BTFSS       INTCON, 2 
0x0016	0xD03B      	BRA         L_interrupt0
;boletin6ej2.c,6 :: 		INTCON.TMR0IF = 0;
0x0018	0x94F2      	BCF         INTCON, 2 
;boletin6ej2.c,7 :: 		TMR0H = (alfa >> 8);
0x001A	0xF000C01D  	MOVFF       _alfa+1, R0
0x001E	0x0E00      	MOVLW       0
0x0020	0xBE1D      	BTFSC       _alfa+1, 7 
0x0022	0x0EFF      	MOVLW       255
0x0024	0x6E01      	MOVWF       R1 
0x0026	0xFFD7C000  	MOVFF       R0, TMR0H
;boletin6ej2.c,8 :: 		TMR0L = alfa;
0x002A	0xFFD6C01C  	MOVFF       _alfa, TMR0L
;boletin6ej2.c,9 :: 		switch(estado){
0x002E	0xD01D      	BRA         L_interrupt1
;boletin6ej2.c,10 :: 		case 0:
L_interrupt3:
;boletin6ej2.c,11 :: 		if(PORTB.B3){
0x0030	0xA681      	BTFSS       PORTB, 3 
0x0032	0xD007      	BRA         L_interrupt4
;boletin6ej2.c,12 :: 		estado = 1;
0x0034	0x0E01      	MOVLW       1
0x0036	0x6E1A      	MOVWF       _estado 
0x0038	0x0E00      	MOVLW       0
0x003A	0x6E1B      	MOVWF       _estado+1 
;boletin6ej2.c,13 :: 		PORTA.B0 = 1;
0x003C	0x8080      	BSF         PORTA, 0 
;boletin6ej2.c,14 :: 		x = 0;
0x003E	0x6A18      	CLRF        _x 
0x0040	0x6A19      	CLRF        _x+1 
;boletin6ej2.c,15 :: 		}
L_interrupt4:
;boletin6ej2.c,16 :: 		break;
0x0042	0xD025      	BRA         L_interrupt2
;boletin6ej2.c,17 :: 		case 1:
L_interrupt5:
;boletin6ej2.c,18 :: 		if(x == 30){
0x0044	0x0E00      	MOVLW       0
0x0046	0x1819      	XORWF       _x+1, 0 
0x0048	0xE102      	BNZ         L__interrupt13
0x004A	0x0E1E      	MOVLW       30
0x004C	0x1818      	XORWF       _x, 0 
L__interrupt13:
0x004E	0xE105      	BNZ         L_interrupt6
;boletin6ej2.c,19 :: 		estado = 2;
0x0050	0x0E02      	MOVLW       2
0x0052	0x6E1A      	MOVWF       _estado 
0x0054	0x0E00      	MOVLW       0
0x0056	0x6E1B      	MOVWF       _estado+1 
;boletin6ej2.c,20 :: 		PORTA.B0 = 0;
0x0058	0x9080      	BCF         PORTA, 0 
;boletin6ej2.c,21 :: 		}
L_interrupt6:
;boletin6ej2.c,22 :: 		x++;
0x005A	0x4A18      	INFSNZ      _x, 1 
0x005C	0x2A19      	INCF        _x+1, 1 
;boletin6ej2.c,23 :: 		break;
0x005E	0xD017      	BRA         L_interrupt2
;boletin6ej2.c,24 :: 		case 2:
L_interrupt7:
;boletin6ej2.c,25 :: 		if(!PORTB.B3){
0x0060	0xB681      	BTFSC       PORTB, 3 
0x0062	0xD002      	BRA         L_interrupt8
;boletin6ej2.c,26 :: 		estado = 0;
0x0064	0x6A1A      	CLRF        _estado 
0x0066	0x6A1B      	CLRF        _estado+1 
;boletin6ej2.c,27 :: 		}
L_interrupt8:
;boletin6ej2.c,28 :: 		break;
0x0068	0xD012      	BRA         L_interrupt2
;boletin6ej2.c,29 :: 		}
L_interrupt1:
0x006A	0x0E00      	MOVLW       0
0x006C	0x181B      	XORWF       _estado+1, 0 
0x006E	0xE102      	BNZ         L__interrupt14
0x0070	0x0E00      	MOVLW       0
0x0072	0x181A      	XORWF       _estado, 0 
L__interrupt14:
0x0074	0xE0DD      	BZ          L_interrupt3
0x0076	0x0E00      	MOVLW       0
0x0078	0x181B      	XORWF       _estado+1, 0 
0x007A	0xE102      	BNZ         L__interrupt15
0x007C	0x0E01      	MOVLW       1
0x007E	0x181A      	XORWF       _estado, 0 
L__interrupt15:
0x0080	0xE0E1      	BZ          L_interrupt5
0x0082	0x0E00      	MOVLW       0
0x0084	0x181B      	XORWF       _estado+1, 0 
0x0086	0xE102      	BNZ         L__interrupt16
0x0088	0x0E02      	MOVLW       2
0x008A	0x181A      	XORWF       _estado, 0 
L__interrupt16:
0x008C	0xE0E9      	BZ          L_interrupt7
L_interrupt2:
;boletin6ej2.c,30 :: 		}
L_interrupt0:
;boletin6ej2.c,31 :: 		}
L_end_interrupt:
L__interrupt12:
0x008E	0xF000C017  	MOVFF       23, R0
0x0092	0xF001C016  	MOVFF       22, R1
0x0096	0xF002C015  	MOVFF       21, R2
0x009A	0x0011      	RETFIE      1
; end of _interrupt
___CC2DW:
;__Lib_System.c,21 :: 		
;__Lib_System.c,23 :: 		
_CC2DL_Loop1:
;__Lib_System.c,24 :: 		
0x009C	0x0009      	TBLRD*+
;__Lib_System.c,25 :: 		
0x009E	0xFFE6CFF5  	MOVFF       TABLAT, POSTINC1
;__Lib_System.c,26 :: 		
0x00A2	0x0600      	DECF        R0, 1, 0
;__Lib_System.c,27 :: 		
0x00A4	0xE1FB      	BNZ         _CC2DL_Loop1
;__Lib_System.c,28 :: 		
0x00A6	0x0601      	DECF        R1, 1, 0
;__Lib_System.c,29 :: 		
0x00A8	0xE1F9      	BNZ         _CC2DL_Loop1
;__Lib_System.c,31 :: 		
L_end___CC2DW:
0x00AA	0x0012      	RETURN      0
; end of ___CC2DW
_main:
0x00AC	0x6A18      	CLRF        _x 
0x00AE	0x6A19      	CLRF        25 
0x00B0	0x6A1A      	CLRF        _estado 
0x00B2	0x6A1B      	CLRF        27 
0x00B4	0x0EB0      	MOVLW       176
0x00B6	0x6E1C      	MOVWF       _alfa 
0x00B8	0x0E3C      	MOVLW       60
0x00BA	0x6E1D      	MOVWF       29 
;boletin6ej2.c,32 :: 		void main() {
;boletin6ej2.c,33 :: 		TRISA.B0 = 0;
0x00BC	0x9092      	BCF         TRISA, 0 
;boletin6ej2.c,34 :: 		TRISB.B3 = 1;
0x00BE	0x8693      	BSF         TRISB, 3 
;boletin6ej2.c,36 :: 		ADCON1 = 0x07;
0x00C0	0x0E07      	MOVLW       7
0x00C2	0x6EC1      	MOVWF       ADCON1 
;boletin6ej2.c,37 :: 		INTCON.TMR0IF = 0;
0x00C4	0x94F2      	BCF         INTCON, 2 
;boletin6ej2.c,38 :: 		INTCON.TMR0IE = 1;
0x00C6	0x8AF2      	BSF         INTCON, 5 
;boletin6ej2.c,40 :: 		T0CON = 0x11;
0x00C8	0x0E11      	MOVLW       17
0x00CA	0x6ED5      	MOVWF       T0CON 
;boletin6ej2.c,42 :: 		INTCON.GIE = 1;
0x00CC	0x8EF2      	BSF         INTCON, 7 
;boletin6ej2.c,43 :: 		TMR0H = (alfa >> 8);
0x00CE	0xF000C01D  	MOVFF       _alfa+1, R0
0x00D2	0x0E00      	MOVLW       0
0x00D4	0xBE1D      	BTFSC       _alfa+1, 7 
0x00D6	0x0EFF      	MOVLW       255
0x00D8	0x6E01      	MOVWF       R1 
0x00DA	0xFFD7C000  	MOVFF       R0, TMR0H
;boletin6ej2.c,44 :: 		TMR0L = alfa;
0x00DE	0xFFD6C01C  	MOVFF       _alfa, TMR0L
;boletin6ej2.c,45 :: 		T0CON.TMR0ON = 1;
0x00E2	0x8ED5      	BSF         T0CON, 7 
;boletin6ej2.c,47 :: 		while(1){
L_main9:
;boletin6ej2.c,48 :: 		asm nop;
0x00E4	0x0000      	NOP
;boletin6ej2.c,49 :: 		}
0x00E6	0xD7FE      	BRA         L_main9
;boletin6ej2.c,50 :: 		}
L_end_main:
0x00E8	0xD7FF      	BRA         $+0
; end of _main
Symbol List:
//** Routines locations **
//ADDRESS    SIZE    PROCEDURE
//----------------------------------------------
0x0008     [148]    _interrupt
0x009C      [16]    ___CC2DW
0x00AC      [62]    _main
//** Variables locations ** 
//ADDRESS    SIZE    VARIABLE
//----------------------------------------------
0x0000       [1]    R0
0x0001       [1]    R1
0x0002       [1]    R2
0x0003       [1]    R3
0x0004       [1]    R4
0x0005       [1]    R5
0x0006       [1]    R6
0x0007       [1]    R7
0x0008       [1]    R8
0x0009       [1]    R9
0x000A       [1]    R10
0x000B       [1]    R11
0x000C       [1]    R12
0x000D       [1]    R13
0x000E       [1]    R14
0x000F       [1]    R15
0x0010       [1]    R16
0x0011       [1]    R17
0x0012       [1]    R18
0x0013       [1]    R19
0x0014       [1]    R20
0x0018       [2]    _x
0x001A       [2]    _estado
0x001C       [2]    _alfa
0x0F80       [1]    PORTA
0x0F81       [1]    PORTB
0x0F92       [1]    TRISA
0x0F93       [1]    TRISB
0x0FC1       [1]    ADCON1
0x0FD5       [1]    T0CON
0x0FD6       [1]    TMR0L
0x0FD7       [1]    TMR0H
0x0FD8       [1]    STATUS
0x0FD9       [1]    FSR2L
0x0FDA       [1]    FSR2H
0x0FDE       [1]    POSTINC2
0x0FE0       [1]    BSR
0x0FE1       [1]    FSR1L
0x0FE2       [1]    FSR1H
0x0FE4       [1]    PREINC1
0x0FE6       [1]    POSTINC1
0x0FE7       [1]    INDF1
0x0FE8       [1]    WREG
0x0FE9       [1]    FSR0L
0x0FEA       [1]    FSR0H
0x0FEE       [1]    POSTINC0
0x0FF2       [1]    INTCON
0x0FF3       [1]    PRODL
0x0FF4       [1]    PRODH
0x0FF5       [1]    TABLAT
0x0FF6       [1]    TBLPTRL
0x0FF7       [1]    TBLPTRH
0x0FF8       [1]    TBLPTRU
