;  LST file generated by mikroListExporter - v.2.0 
; Date/Time: 23/05/2026 19:33:57
;----------------------------------------------

;Address Opcode 	ASM
0x0000	0xF000EF58  	GOTO        176
_interrupt:
;boletin6ej1.c,4 :: 		void interrupt(){
0x0008	0xF017C000  	MOVFF       R0, 23
0x000C	0xF016C001  	MOVFF       R1, 22
0x0010	0xF015C002  	MOVFF       R2, 21
;boletin6ej1.c,5 :: 		if(INTCON.TMR0IF){
0x0014	0xA4F2      	BTFSS       INTCON, 2 
0x0016	0xD03D      	BRA         L_interrupt0
;boletin6ej1.c,6 :: 		switch(estado){
0x0018	0xD022      	BRA         L_interrupt1
;boletin6ej1.c,7 :: 		case 0:
L_interrupt3:
;boletin6ej1.c,8 :: 		if(PORTA.B0){
0x001A	0xA080      	BTFSS       PORTA, 0 
0x001C	0xD004      	BRA         L_interrupt4
;boletin6ej1.c,9 :: 		PORTB.B0 = 0;
0x001E	0x9081      	BCF         PORTB, 0 
;boletin6ej1.c,10 :: 		PORTA.B3 = 1;
0x0020	0x8680      	BSF         PORTA, 3 
;boletin6ej1.c,11 :: 		estado = 1;
0x0022	0x0E01      	MOVLW       1
0x0024	0x6E19      	MOVWF       _estado 
;boletin6ej1.c,12 :: 		}
L_interrupt4:
;boletin6ej1.c,13 :: 		break;
0x0026	0xD02A      	BRA         L_interrupt2
;boletin6ej1.c,14 :: 		case 1:
L_interrupt5:
;boletin6ej1.c,15 :: 		if(PORTB.B6){
0x0028	0xAC81      	BTFSS       PORTB, 6 
0x002A	0xD005      	BRA         L_interrupt6
;boletin6ej1.c,16 :: 		PORTA.B3 = 0;
0x002C	0x9680      	BCF         PORTA, 3 
;boletin6ej1.c,17 :: 		PORTB.B0 = 0;
0x002E	0x9081      	BCF         PORTB, 0 
;boletin6ej1.c,18 :: 		x = 0;
0x0030	0x6A18      	CLRF        _x 
;boletin6ej1.c,19 :: 		estado = 2;
0x0032	0x0E02      	MOVLW       2
0x0034	0x6E19      	MOVWF       _estado 
;boletin6ej1.c,20 :: 		}
L_interrupt6:
;boletin6ej1.c,21 :: 		break;
0x0036	0xD022      	BRA         L_interrupt2
;boletin6ej1.c,22 :: 		case 2:
L_interrupt7:
;boletin6ej1.c,23 :: 		if(x == 40){
0x0038	0x5018      	MOVF        _x, 0 
0x003A	0x0A28      	XORLW       40
0x003C	0xE104      	BNZ         L_interrupt8
;boletin6ej1.c,24 :: 		estado = 3;
0x003E	0x0E03      	MOVLW       3
0x0040	0x6E19      	MOVWF       _estado 
;boletin6ej1.c,25 :: 		PORTB.B0 = 1;
0x0042	0x8081      	BSF         PORTB, 0 
;boletin6ej1.c,26 :: 		PORTA.B3 = 0;
0x0044	0x9680      	BCF         PORTA, 3 
;boletin6ej1.c,27 :: 		}
L_interrupt8:
;boletin6ej1.c,28 :: 		x++;
0x0046	0x2A18      	INCF        _x, 1 
;boletin6ej1.c,29 :: 		break;
0x0048	0xD019      	BRA         L_interrupt2
;boletin6ej1.c,30 :: 		case 3:
L_interrupt9:
;boletin6ej1.c,31 :: 		if(PORTB.B4){
0x004A	0xA881      	BTFSS       PORTB, 4 
0x004C	0xD004      	BRA         L_interrupt10
;boletin6ej1.c,32 :: 		PORTB.B0 = 0;
0x004E	0x9081      	BCF         PORTB, 0 
;boletin6ej1.c,33 :: 		PORTA.B4 = 0;
0x0050	0x9880      	BCF         PORTA, 4 
;boletin6ej1.c,34 :: 		estado = 4;
0x0052	0x0E04      	MOVLW       4
0x0054	0x6E19      	MOVWF       _estado 
;boletin6ej1.c,35 :: 		}
L_interrupt10:
;boletin6ej1.c,36 :: 		break;
0x0056	0xD012      	BRA         L_interrupt2
;boletin6ej1.c,37 :: 		case 4:
L_interrupt11:
;boletin6ej1.c,38 :: 		if(!PORTA.B0){
0x0058	0xA080      	BTFSS       PORTA, 0 
;boletin6ej1.c,39 :: 		estado = 0;
0x005A	0x6A19      	CLRF        _estado 
;boletin6ej1.c,40 :: 		}
L_interrupt12:
;boletin6ej1.c,41 :: 		break;
0x005C	0xD00F      	BRA         L_interrupt2
;boletin6ej1.c,42 :: 		}
L_interrupt1:
0x005E	0x5019      	MOVF        _estado, 0 
0x0060	0x0A00      	XORLW       0
0x0062	0xE0DB      	BZ          L_interrupt3
0x0064	0x5019      	MOVF        _estado, 0 
0x0066	0x0A01      	XORLW       1
0x0068	0xE0DF      	BZ          L_interrupt5
0x006A	0x5019      	MOVF        _estado, 0 
0x006C	0x0A02      	XORLW       2
0x006E	0xE0E4      	BZ          L_interrupt7
0x0070	0x5019      	MOVF        _estado, 0 
0x0072	0x0A03      	XORLW       3
0x0074	0xE0EA      	BZ          L_interrupt9
0x0076	0x5019      	MOVF        _estado, 0 
0x0078	0x0A04      	XORLW       4
0x007A	0xE0EE      	BZ          L_interrupt11
L_interrupt2:
;boletin6ej1.c,43 :: 		INTCON.TMR0IF = 0;
0x007C	0x94F2      	BCF         INTCON, 2 
;boletin6ej1.c,44 :: 		TMR0H = (alfa >> 8);
0x007E	0xF000C01B  	MOVFF       _alfa+1, R0
0x0082	0x0E00      	MOVLW       0
0x0084	0xBE1B      	BTFSC       _alfa+1, 7 
0x0086	0x0EFF      	MOVLW       255
0x0088	0x6E01      	MOVWF       R1 
0x008A	0xFFD7C000  	MOVFF       R0, TMR0H
;boletin6ej1.c,45 :: 		TMR0L = alfa;
0x008E	0xFFD6C01A  	MOVFF       _alfa, TMR0L
;boletin6ej1.c,46 :: 		}
L_interrupt0:
;boletin6ej1.c,47 :: 		}
L_end_interrupt:
L__interrupt16:
0x0092	0xF000C017  	MOVFF       23, R0
0x0096	0xF001C016  	MOVFF       22, R1
0x009A	0xF002C015  	MOVFF       21, R2
0x009E	0x0011      	RETFIE      1
; end of _interrupt
___CC2DW:
;__Lib_System.c,21 :: 		
;__Lib_System.c,23 :: 		
_CC2DL_Loop1:
;__Lib_System.c,24 :: 		
0x00A0	0x0009      	TBLRD*+
;__Lib_System.c,25 :: 		
0x00A2	0xFFE6CFF5  	MOVFF       TABLAT, POSTINC1
;__Lib_System.c,26 :: 		
0x00A6	0x0600      	DECF        R0, 1, 0
;__Lib_System.c,27 :: 		
0x00A8	0xE1FB      	BNZ         _CC2DL_Loop1
;__Lib_System.c,28 :: 		
0x00AA	0x0601      	DECF        R1, 1, 0
;__Lib_System.c,29 :: 		
0x00AC	0xE1F9      	BNZ         _CC2DL_Loop1
;__Lib_System.c,31 :: 		
L_end___CC2DW:
0x00AE	0x0012      	RETURN      0
; end of ___CC2DW
_main:
0x00B0	0x6A18      	CLRF        _x 
0x00B2	0x6A19      	CLRF        _estado 
0x00B4	0x0EB0      	MOVLW       176
0x00B6	0x6E1A      	MOVWF       _alfa 
0x00B8	0x0E3C      	MOVLW       60
0x00BA	0x6E1B      	MOVWF       27 
;boletin6ej1.c,48 :: 		void main() {
;boletin6ej1.c,49 :: 		ADCON1 = 0x07;
0x00BC	0x0E07      	MOVLW       7
0x00BE	0x6EC1      	MOVWF       ADCON1 
;boletin6ej1.c,50 :: 		TRISA = 0x01;
0x00C0	0x0E01      	MOVLW       1
0x00C2	0x6E92      	MOVWF       TRISA 
;boletin6ej1.c,51 :: 		TRISB.B0 = 0;
0x00C4	0x9093      	BCF         TRISB, 0 
;boletin6ej1.c,52 :: 		TRISB.B4 = 1;
0x00C6	0x8893      	BSF         TRISB, 4 
;boletin6ej1.c,53 :: 		TRISB.B6 = 1;
0x00C8	0x8C93      	BSF         TRISB, 6 
;boletin6ej1.c,54 :: 		T0CON = 0x11;
0x00CA	0x0E11      	MOVLW       17
0x00CC	0x6ED5      	MOVWF       T0CON 
;boletin6ej1.c,55 :: 		INTCON.TMR0IF = 0;
0x00CE	0x94F2      	BCF         INTCON, 2 
;boletin6ej1.c,56 :: 		INTCON.TMR0IE = 1;
0x00D0	0x8AF2      	BSF         INTCON, 5 
;boletin6ej1.c,58 :: 		INTCON.GIE = 1;
0x00D2	0x8EF2      	BSF         INTCON, 7 
;boletin6ej1.c,59 :: 		TMR0H = (alfa >> 8);
0x00D4	0xF000C01B  	MOVFF       _alfa+1, R0
0x00D8	0x0E00      	MOVLW       0
0x00DA	0xBE1B      	BTFSC       _alfa+1, 7 
0x00DC	0x0EFF      	MOVLW       255
0x00DE	0x6E01      	MOVWF       R1 
0x00E0	0xFFD7C000  	MOVFF       R0, TMR0H
;boletin6ej1.c,60 :: 		TMR0L = alfa;
0x00E4	0xFFD6C01A  	MOVFF       _alfa, TMR0L
;boletin6ej1.c,61 :: 		T0CON.TMR0ON = 1;
0x00E8	0x8ED5      	BSF         T0CON, 7 
;boletin6ej1.c,62 :: 		while(1){
L_main13:
;boletin6ej1.c,63 :: 		asm nop;
0x00EA	0x0000      	NOP
;boletin6ej1.c,64 :: 		}
0x00EC	0xD7FE      	BRA         L_main13
;boletin6ej1.c,65 :: 		}
L_end_main:
0x00EE	0xD7FF      	BRA         $+0
; end of _main
Symbol List:
//** Routines locations **
//ADDRESS    SIZE    PROCEDURE
//----------------------------------------------
0x0008     [152]    _interrupt
0x00A0      [16]    ___CC2DW
0x00B0      [64]    _main
//** Variables locations ** 
//ADDRESS    SIZE    VARIABLE
//----------------------------------------------
0x0000       [1]    R0
0x0001       [1]    R1
0x0002       [1]    R2
0x0003       [1]    R3
0x0004       [1]    R4
0x0005       [1]    R5
0x0006       [1]    R6
0x0007       [1]    R7
0x0008       [1]    R8
0x0009       [1]    R9
0x000A       [1]    R10
0x000B       [1]    R11
0x000C       [1]    R12
0x000D       [1]    R13
0x000E       [1]    R14
0x000F       [1]    R15
0x0010       [1]    R16
0x0011       [1]    R17
0x0012       [1]    R18
0x0013       [1]    R19
0x0014       [1]    R20
0x0018       [1]    _x
0x0019       [1]    _estado
0x001A       [2]    _alfa
0x0F80       [1]    PORTA
0x0F81       [1]    PORTB
0x0F92       [1]    TRISA
0x0F93       [1]    TRISB
0x0FC1       [1]    ADCON1
0x0FD5       [1]    T0CON
0x0FD6       [1]    TMR0L
0x0FD7       [1]    TMR0H
0x0FD8       [1]    STATUS
0x0FD9       [1]    FSR2L
0x0FDA       [1]    FSR2H
0x0FDE       [1]    POSTINC2
0x0FE0       [1]    BSR
0x0FE1       [1]    FSR1L
0x0FE2       [1]    FSR1H
0x0FE4       [1]    PREINC1
0x0FE6       [1]    POSTINC1
0x0FE7       [1]    INDF1
0x0FE8       [1]    WREG
0x0FE9       [1]    FSR0L
0x0FEA       [1]    FSR0H
0x0FEE       [1]    POSTINC0
0x0FF2       [1]    INTCON
0x0FF3       [1]    PRODL
0x0FF4       [1]    PRODH
0x0FF5       [1]    TABLAT
0x0FF6       [1]    TBLPTRL
0x0FF7       [1]    TBLPTRH
0x0FF8       [1]    TBLPTRU
